
> erp-app@0.1.0 build
> next build

Ôû▓ Next.js 16.2.3 (Turbopack)
- Environments: .env

npm.cmd : ÔÜá The "middleware" file convention is deprecated. Please use "proxy" instead. Learn more: 
https://nextjs.org/docs/messages/middleware-to-proxy
No linha:1 caractere:1
+ npm.cmd run build > build_output.txt 2>&1
+ ~~~~~~~~~~~~~~~~~~~~~~~~~~~~~~~~~~~~~~~~~
    + CategoryInfo          : NotSpecified: (ÔÜá The "middle...leware-to-proxy:String) [], RemoteException
    + FullyQualifiedErrorId : NativeCommandError
 
  Creating an optimized production build ...

> Build error occurred
Error: Turbopack build failed with 22 errors:
./app/(dashboard)/clientes/page.tsx:6:1
Export default doesn't exist in target module
  [90m4 |[0m [36mimport[0m styles [36mfrom[0m [32m'./clientes.module.css'[0m
  [90m5 |[0m [36mimport[0m { getCustomers, upsertCustomer, deleteCustomer } [36mfrom[0m 
[32m'@/app/actions/customerActions'[0m
[31m[1m>[0m [90m6 |[0m [36mimport[0m [33mButton[0m [36mfrom[0m [32m'@/components/ui/Button'[0m
  [90m  |[0m [31m[1m^^^^^^^^^^^^^^^^^^^^^^^^^^^^^^^^^^^^^^^^^^^[0m
  [90m7 |[0m [36mimport[0m [33mCard[0m [36mfrom[0m [32m'@/components/ui/Card'[0m
  [90m8 |[0m [36mimport[0m [33mInput[0m [36mfrom[0m [32m'@/components/ui/Input'[0m
  [90m9 |[0m [36mimport[0m [33mLink[0m [36mfrom[0m [32m'next/link'[0m

The export default was not found in module [project]/components/ui/Button.tsx [app-client] (ecmascript).
Did you mean to import Button?
All exports of the module are statically known (It doesn't have dynamic exports). So it's known statically that the 
requested export doesn't exist.

Import traces:
  Client Component Browser:
    ./app/(dashboard)/clientes/page.tsx [Client Component Browser]
    ./app/(dashboard)/clientes/page.tsx [Server Component]

  Client Component SSR:
    ./app/(dashboard)/clientes/page.tsx [Client Component SSR]
    ./app/(dashboard)/clientes/page.tsx [Server Component]


./app/(dashboard)/clientes/page.tsx:6:1
Export default doesn't exist in target module
  [90m4 |[0m [36mimport[0m styles [36mfrom[0m [32m'./clientes.module.css'[0m
  [90m5 |[0m [36mimport[0m { getCustomers, upsertCustomer, deleteCustomer } [36mfrom[0m 
[32m'@/app/actions/customerActions'[0m
[31m[1m>[0m [90m6 |[0m [36mimport[0m [33mButton[0m [36mfrom[0m [32m'@/components/ui/Button'[0m
  [90m  |[0m [31m[1m^^^^^^^^^^^^^^^^^^^^^^^^^^^^^^^^^^^^^^^^^^^[0m
  [90m7 |[0m [36mimport[0m [33mCard[0m [36mfrom[0m [32m'@/components/ui/Card'[0m
  [90m8 |[0m [36mimport[0m [33mInput[0m [36mfrom[0m [32m'@/components/ui/Input'[0m
  [90m9 |[0m [36mimport[0m [33mLink[0m [36mfrom[0m [32m'next/link'[0m

The export default was not found in module [project]/components/ui/Button.tsx [app-ssr] (ecmascript).
Did you mean to import Button?
All exports of the module are statically known (It doesn't have dynamic exports). So it's known statically that the 
requested export doesn't exist.

Import traces:
  Client Component Browser:
    ./app/(dashboard)/clientes/page.tsx [Client Component Browser]
    ./app/(dashboard)/clientes/page.tsx [Server Component]

  Client Component SSR:
    ./app/(dashboard)/clientes/page.tsx [Client Component SSR]
    ./app/(dashboard)/clientes/page.tsx [Server Component]


./app/(dashboard)/clientes/page.tsx:7:1
Export default doesn't exist in target module
  [90m 5 |[0m [36mimport[0m { getCustomers, upsertCustomer, deleteCustomer } [36mfrom[0m 
[32m'@/app/actions/customerActions'[0m
  [90m 6 |[0m [36mimport[0m [33mButton[0m [36mfrom[0m [32m'@/components/ui/Button'[0m
[31m[1m>[0m [90m 7 |[0m [36mimport[0m [33mCard[0m [36mfrom[0m [32m'@/components/ui/Card'[0m
  [90m   |[0m [31m[1m^^^^^^^^^^^^^^^^^^^^^^^^^^^^^^^^^^^^^^^[0m
  [90m 8 |[0m [36mimport[0m [33mInput[0m [36mfrom[0m [32m'@/components/ui/Input'[0m
  [90m 9 |[0m [36mimport[0m [33mLink[0m [36mfrom[0m [32m'next/link'[0m
  [90m10 |[0m

The export default was not found in module [project]/components/ui/Card.tsx [app-client] (ecmascript).
Did you mean to import Card?
All exports of the module are statically known (It doesn't have dynamic exports). So it's known statically that the 
requested export doesn't exist.

Import traces:
  Client Component Browser:
    ./app/(dashboard)/clientes/page.tsx [Client Component Browser]
    ./app/(dashboard)/clientes/page.tsx [Server Component]

  Client Component SSR:
    ./app/(dashboard)/clientes/page.tsx [Client Component SSR]
    ./app/(dashboard)/clientes/page.tsx [Server Component]


./app/(dashboard)/clientes/page.tsx:7:1
Export default doesn't exist in target module
  [90m 5 |[0m [36mimport[0m { getCustomers, upsertCustomer, deleteCustomer } [36mfrom[0m 
[32m'@/app/actions/customerActions'[0m
  [90m 6 |[0m [36mimport[0m [33mButton[0m [36mfrom[0m [32m'@/components/ui/Button'[0m
[31m[1m>[0m [90m 7 |[0m [36mimport[0m [33mCard[0m [36mfrom[0m [32m'@/components/ui/Card'[0m
  [90m   |[0m [31m[1m^^^^^^^^^^^^^^^^^^^^^^^^^^^^^^^^^^^^^^^[0m
  [90m 8 |[0m [36mimport[0m [33mInput[0m [36mfrom[0m [32m'@/components/ui/Input'[0m
  [90m 9 |[0m [36mimport[0m [33mLink[0m [36mfrom[0m [32m'next/link'[0m
  [90m10 |[0m

The export default was not found in module [project]/components/ui/Card.tsx [app-ssr] (ecmascript).
Did you mean to import Card?
All exports of the module are statically known (It doesn't have dynamic exports). So it's known statically that the 
requested export doesn't exist.

Import traces:
  Client Component Browser:
    ./app/(dashboard)/clientes/page.tsx [Client Component Browser]
    ./app/(dashboard)/clientes/page.tsx [Server Component]

  Client Component SSR:
    ./app/(dashboard)/clientes/page.tsx [Client Component SSR]
    ./app/(dashboard)/clientes/page.tsx [Server Component]


./app/(dashboard)/clientes/page.tsx:8:1
Export default doesn't exist in target module
  [90m 6 |[0m [36mimport[0m [33mButton[0m [36mfrom[0m [32m'@/components/ui/Button'[0m
  [90m 7 |[0m [36mimport[0m [33mCard[0m [36mfrom[0m [32m'@/components/ui/Card'[0m
[31m[1m>[0m [90m 8 |[0m [36mimport[0m [33mInput[0m [36mfrom[0m [32m'@/components/ui/Input'[0m
  [90m   |[0m [31m[1m^^^^^^^^^^^^^^^^^^^^^^^^^^^^^^^^^^^^^^^^^[0m
  [90m 9 |[0m [36mimport[0m [33mLink[0m [36mfrom[0m [32m'next/link'[0m
  [90m10 |[0m
  [90m11 |[0m [36mexport[0m [36mdefault[0m [36mfunction[0m [33mClientesPage[0m() {

The export default was not found in module [project]/components/ui/Input.tsx [app-client] (ecmascript).
Did you mean to import Input?
All exports of the module are statically known (It doesn't have dynamic exports). So it's known statically that the 
requested export doesn't exist.

Import traces:
  Client Component Browser:
    ./app/(dashboard)/clientes/page.tsx [Client Component Browser]
    ./app/(dashboard)/clientes/page.tsx [Server Component]

  Client Component SSR:
    ./app/(dashboard)/clientes/page.tsx [Client Component SSR]
    ./app/(dashboard)/clientes/page.tsx [Server Component]


./app/(dashboard)/clientes/page.tsx:8:1
Export default doesn't exist in target module
  [90m 6 |[0m [36mimport[0m [33mButton[0m [36mfrom[0m [32m'@/components/ui/Button'[0m
  [90m 7 |[0m [36mimport[0m [33mCard[0m [36mfrom[0m [32m'@/components/ui/Card'[0m
[31m[1m>[0m [90m 8 |[0m [36mimport[0m [33mInput[0m [36mfrom[0m [32m'@/components/ui/Input'[0m
  [90m   |[0m [31m[1m^^^^^^^^^^^^^^^^^^^^^^^^^^^^^^^^^^^^^^^^^[0m
  [90m 9 |[0m [36mimport[0m [33mLink[0m [36mfrom[0m [32m'next/link'[0m
  [90m10 |[0m
  [90m11 |[0m [36mexport[0m [36mdefault[0m [36mfunction[0m [33mClientesPage[0m() {

The export default was not found in module [project]/components/ui/Input.tsx [app-ssr] (ecmascript).
Did you mean to import Input?
All exports of the module are statically known (It doesn't have dynamic exports). So it's known statically that the 
requested export doesn't exist.

Import traces:
  Client Component Browser:
    ./app/(dashboard)/clientes/page.tsx [Client Component Browser]
    ./app/(dashboard)/clientes/page.tsx [Server Component]

  Client Component SSR:
    ./app/(dashboard)/clientes/page.tsx [Client Component SSR]
    ./app/(dashboard)/clientes/page.tsx [Server Component]


./app/(dashboard)/clientes/reposicao/page.tsx:7:1
Export default doesn't exist in target module
  [90m 5 |[0m [36mimport[0m { getRetentionList } [36mfrom[0m [32m'@/app/actions/customerActions'[0m
  [90m 6 |[0m [36mimport[0m [33mCard[0m [36mfrom[0m [32m'@/components/ui/Card'[0m
[31m[1m>[0m [90m 7 |[0m [36mimport[0m [33mButton[0m [36mfrom[0m [32m'@/components/ui/Button'[0m
  [90m   |[0m [31m[1m^^^^^^^^^^^^^^^^^^^^^^^^^^^^^^^^^^^^^^^^^^^[0m
  [90m 8 |[0m [36mimport[0m [33mLink[0m [36mfrom[0m [32m'next/link'[0m
  [90m 9 |[0m
  [90m10 |[0m [36mexport[0m [36mdefault[0m [36mfunction[0m [33mReposicaoPage[0m() {

The export default was not found in module [project]/components/ui/Button.tsx [app-client] (ecmascript).
Did you mean to import Button?
All exports of the module are statically known (It doesn't have dynamic exports). So it's known statically that the 
requested export doesn't exist.

Import traces:
  Client Component Browser:
    ./app/(dashboard)/clientes/reposicao/page.tsx [Client Component Browser]
    ./app/(dashboard)/clientes/reposicao/page.tsx [Server Component]

  Client Component SSR:
    ./app/(dashboard)/clientes/reposicao/page.tsx [Client Component SSR]
    ./app/(dashboard)/clientes/reposicao/page.tsx [Server Component]


./app/(dashboard)/clientes/reposicao/page.tsx:7:1
Export default doesn't exist in target module
  [90m 5 |[0m [36mimport[0m { getRetentionList } [36mfrom[0m [32m'@/app/actions/customerActions'[0m
  [90m 6 |[0m [36mimport[0m [33mCard[0m [36mfrom[0m [32m'@/components/ui/Card'[0m
[31m[1m>[0m [90m 7 |[0m [36mimport[0m [33mButton[0m [36mfrom[0m [32m'@/components/ui/Button'[0m
  [90m   |[0m [31m[1m^^^^^^^^^^^^^^^^^^^^^^^^^^^^^^^^^^^^^^^^^^^[0m
  [90m 8 |[0m [36mimport[0m [33mLink[0m [36mfrom[0m [32m'next/link'[0m
  [90m 9 |[0m
  [90m10 |[0m [36mexport[0m [36mdefault[0m [36mfunction[0m [33mReposicaoPage[0m() {

The export default was not found in module [project]/components/ui/Button.tsx [app-ssr] (ecmascript).
Did you mean to import Button?
All exports of the module are statically known (It doesn't have dynamic exports). So it's known statically that the 
requested export doesn't exist.

Import traces:
  Client Component Browser:
    ./app/(dashboard)/clientes/reposicao/page.tsx [Client Component Browser]
    ./app/(dashboard)/clientes/reposicao/page.tsx [Server Component]

  Client Component SSR:
    ./app/(dashboard)/clientes/reposicao/page.tsx [Client Component SSR]
    ./app/(dashboard)/clientes/reposicao/page.tsx [Server Component]


./app/(dashboard)/clientes/reposicao/page.tsx:6:1
Export default doesn't exist in target module
  [90m4 |[0m [36mimport[0m styles [36mfrom[0m [32m'../clientes.module.css'[0m
  [90m5 |[0m [36mimport[0m { getRetentionList } [36mfrom[0m [32m'@/app/actions/customerActions'[0m
[31m[1m>[0m [90m6 |[0m [36mimport[0m [33mCard[0m [36mfrom[0m [32m'@/components/ui/Card'[0m
  [90m  |[0m [31m[1m^^^^^^^^^^^^^^^^^^^^^^^^^^^^^^^^^^^^^^^[0m
  [90m7 |[0m [36mimport[0m [33mButton[0m [36mfrom[0m [32m'@/components/ui/Button'[0m
  [90m8 |[0m [36mimport[0m [33mLink[0m [36mfrom[0m [32m'next/link'[0m
  [90m9 |[0m

The export default was not found in module [project]/components/ui/Card.tsx [app-client] (ecmascript).
Did you mean to import Card?
All exports of the module are statically known (It doesn't have dynamic exports). So it's known statically that the 
requested export doesn't exist.

Import traces:
  Client Component Browser:
    ./app/(dashboard)/clientes/reposicao/page.tsx [Client Component Browser]
    ./app/(dashboard)/clientes/reposicao/page.tsx [Server Component]

  Client Component SSR:
    ./app/(dashboard)/clientes/reposicao/page.tsx [Client Component SSR]
    ./app/(dashboard)/clientes/reposicao/page.tsx [Server Component]


./app/(dashboard)/clientes/reposicao/page.tsx:6:1
Export default doesn't exist in target module
  [90m4 |[0m [36mimport[0m styles [36mfrom[0m [32m'../clientes.module.css'[0m
  [90m5 |[0m [36mimport[0m { getRetentionList } [36mfrom[0m [32m'@/app/actions/customerActions'[0m
[31m[1m>[0m [90m6 |[0m [36mimport[0m [33mCard[0m [36mfrom[0m [32m'@/components/ui/Card'[0m
  [90m  |[0m [31m[1m^^^^^^^^^^^^^^^^^^^^^^^^^^^^^^^^^^^^^^^[0m
  [90m7 |[0m [36mimport[0m [33mButton[0m [36mfrom[0m [32m'@/components/ui/Button'[0m
  [90m8 |[0m [36mimport[0m [33mLink[0m [36mfrom[0m [32m'next/link'[0m
  [90m9 |[0m

The export default was not found in module [project]/components/ui/Card.tsx [app-ssr] (ecmascript).
Did you mean to import Card?
All exports of the module are statically known (It doesn't have dynamic exports). So it's known statically that the 
requested export doesn't exist.

Import traces:
  Client Component Browser:
    ./app/(dashboard)/clientes/reposicao/page.tsx [Client Component Browser]
    ./app/(dashboard)/clientes/reposicao/page.tsx [Server Component]

  Client Component SSR:
    ./app/(dashboard)/clientes/reposicao/page.tsx [Client Component SSR]
    ./app/(dashboard)/clientes/reposicao/page.tsx [Server Component]


./app/(dashboard)/configuracoes/page.tsx:8:1
Export default doesn't exist in target module
  [90m 6 |[0m [36mimport[0m [33mCard[0m [36mfrom[0m [32m'@/components/ui/Card'[0m
  [90m 7 |[0m [36mimport[0m [33mInput[0m [36mfrom[0m [32m'@/components/ui/Input'[0m
[31m[1m>[0m [90m 8 |[0m [36mimport[0m [33mButton[0m [36mfrom[0m [32m'@/components/ui/Button'[0m
  [90m   |[0m [31m[1m^^^^^^^^^^^^^^^^^^^^^^^^^^^^^^^^^^^^^^^^^^^[0m
  [90m 9 |[0m
  [90m10 |[0m [36mexport[0m [36mdefault[0m [36mfunction[0m [33mConfiguracoesPage[0m() {
  [90m11 |[0m   [36mconst[0m [commission, setCommission] = useState([32m'0'[0m)

The export default was not found in module [project]/components/ui/Button.tsx [app-client] (ecmascript).
Did you mean to import Button?
All exports of the module are statically known (It doesn't have dynamic exports). So it's known statically that the 
requested export doesn't exist.

Import traces:
  Client Component Browser:
    ./app/(dashboard)/configuracoes/page.tsx [Client Component Browser]
    ./app/(dashboard)/configuracoes/page.tsx [Server Component]

  Client Component SSR:
    ./app/(dashboard)/configuracoes/page.tsx [Client Component SSR]
    ./app/(dashboard)/configuracoes/page.tsx [Server Component]


./app/(dashboard)/configuracoes/page.tsx:8:1
Export default doesn't exist in target module
  [90m 6 |[0m [36mimport[0m [33mCard[0m [36mfrom[0m [32m'@/components/ui/Card'[0m
  [90m 7 |[0m [36mimport[0m [33mInput[0m [36mfrom[0m [32m'@/components/ui/Input'[0m
[31m[1m>[0m [90m 8 |[0m [36mimport[0m [33mButton[0m [36mfrom[0m [32m'@/components/ui/Button'[0m
  [90m   |[0m [31m[1m^^^^^^^^^^^^^^^^^^^^^^^^^^^^^^^^^^^^^^^^^^^[0m
  [90m 9 |[0m
  [90m10 |[0m [36mexport[0m [36mdefault[0m [36mfunction[0m [33mConfiguracoesPage[0m() {
  [90m11 |[0m   [36mconst[0m [commission, setCommission] = useState([32m'0'[0m)

The export default was not found in module [project]/components/ui/Button.tsx [app-ssr] (ecmascript).
Did you mean to import Button?
All exports of the module are statically known (It doesn't have dynamic exports). So it's known statically that the 
requested export doesn't exist.

Import traces:
  Client Component Browser:
    ./app/(dashboard)/configuracoes/page.tsx [Client Component Browser]
    ./app/(dashboard)/configuracoes/page.tsx [Server Component]

  Client Component SSR:
    ./app/(dashboard)/configuracoes/page.tsx [Client Component SSR]
    ./app/(dashboard)/configuracoes/page.tsx [Server Component]


./app/(dashboard)/configuracoes/page.tsx:6:1
Export default doesn't exist in target module
  [90m4 |[0m [36mimport[0m styles [36mfrom[0m [32m'./configuracoes.module.css'[0m
  [90m5 |[0m [36mimport[0m { getSettings, updateSettings } [36mfrom[0m [32m'@/app/actions/settingsActions'[0m
[31m[1m>[0m [90m6 |[0m [36mimport[0m [33mCard[0m [36mfrom[0m [32m'@/components/ui/Card'[0m
  [90m  |[0m [31m[1m^^^^^^^^^^^^^^^^^^^^^^^^^^^^^^^^^^^^^^^[0m
  [90m7 |[0m [36mimport[0m [33mInput[0m [36mfrom[0m [32m'@/components/ui/Input'[0m
  [90m8 |[0m [36mimport[0m [33mButton[0m [36mfrom[0m [32m'@/components/ui/Button'[0m
  [90m9 |[0m

The export default was not found in module [project]/components/ui/Card.tsx [app-client] (ecmascript).
Did you mean to import Card?
All exports of the module are statically known (It doesn't have dynamic exports). So it's known statically that the 
requested export doesn't exist.

Import traces:
  Client Component Browser:
    ./app/(dashboard)/configuracoes/page.tsx [Client Component Browser]
    ./app/(dashboard)/configuracoes/page.tsx [Server Component]

  Client Component SSR:
    ./app/(dashboard)/configuracoes/page.tsx [Client Component SSR]
    ./app/(dashboard)/configuracoes/page.tsx [Server Component]


./app/(dashboard)/configuracoes/page.tsx:6:1
Export default doesn't exist in target module
  [90m4 |[0m [36mimport[0m styles [36mfrom[0m [32m'./configuracoes.module.css'[0m
  [90m5 |[0m [36mimport[0m { getSettings, updateSettings } [36mfrom[0m [32m'@/app/actions/settingsActions'[0m
[31m[1m>[0m [90m6 |[0m [36mimport[0m [33mCard[0m [36mfrom[0m [32m'@/components/ui/Card'[0m
  [90m  |[0m [31m[1m^^^^^^^^^^^^^^^^^^^^^^^^^^^^^^^^^^^^^^^[0m
  [90m7 |[0m [36mimport[0m [33mInput[0m [36mfrom[0m [32m'@/components/ui/Input'[0m
  [90m8 |[0m [36mimport[0m [33mButton[0m [36mfrom[0m [32m'@/components/ui/Button'[0m
  [90m9 |[0m

The export default was not found in module [project]/components/ui/Card.tsx [app-ssr] (ecmascript).
Did you mean to import Card?
All exports of the module are statically known (It doesn't have dynamic exports). So it's known statically that the 
requested export doesn't exist.

Import traces:
  Client Component Browser:
    ./app/(dashboard)/configuracoes/page.tsx [Client Component Browser]
    ./app/(dashboard)/configuracoes/page.tsx [Server Component]

  Client Component SSR:
    ./app/(dashboard)/configuracoes/page.tsx [Client Component SSR]
    ./app/(dashboard)/configuracoes/page.tsx [Server Component]


./app/(dashboard)/configuracoes/page.tsx:7:1
Export default doesn't exist in target module
  [90m 5 |[0m [36mimport[0m { getSettings, updateSettings } [36mfrom[0m [32m'@/app/actions/settingsActions'[0m
  [90m 6 |[0m [36mimport[0m [33mCard[0m [36mfrom[0m [32m'@/components/ui/Card'[0m
[31m[1m>[0m [90m 7 |[0m [36mimport[0m [33mInput[0m [36mfrom[0m [32m'@/components/ui/Input'[0m
  [90m   |[0m [31m[1m^^^^^^^^^^^^^^^^^^^^^^^^^^^^^^^^^^^^^^^^^[0m
  [90m 8 |[0m [36mimport[0m [33mButton[0m [36mfrom[0m [32m'@/components/ui/Button'[0m
  [90m 9 |[0m
  [90m10 |[0m [36mexport[0m [36mdefault[0m [36mfunction[0m [33mConfiguracoesPage[0m() {

The export default was not found in module [project]/components/ui/Input.tsx [app-client] (ecmascript).
Did you mean to import Input?
All exports of the module are statically known (It doesn't have dynamic exports). So it's known statically that the 
requested export doesn't exist.

Import traces:
  Client Component Browser:
    ./app/(dashboard)/configuracoes/page.tsx [Client Component Browser]
    ./app/(dashboard)/configuracoes/page.tsx [Server Component]

  Client Component SSR:
    ./app/(dashboard)/configuracoes/page.tsx [Client Component SSR]
    ./app/(dashboard)/configuracoes/page.tsx [Server Component]


./app/(dashboard)/configuracoes/page.tsx:7:1
Export default doesn't exist in target module
  [90m 5 |[0m [36mimport[0m { getSettings, updateSettings } [36mfrom[0m [32m'@/app/actions/settingsActions'[0m
  [90m 6 |[0m [36mimport[0m [33mCard[0m [36mfrom[0m [32m'@/components/ui/Card'[0m
[31m[1m>[0m [90m 7 |[0m [36mimport[0m [33mInput[0m [36mfrom[0m [32m'@/components/ui/Input'[0m
  [90m   |[0m [31m[1m^^^^^^^^^^^^^^^^^^^^^^^^^^^^^^^^^^^^^^^^^[0m
  [90m 8 |[0m [36mimport[0m [33mButton[0m [36mfrom[0m [32m'@/components/ui/Button'[0m
  [90m 9 |[0m
  [90m10 |[0m [36mexport[0m [36mdefault[0m [36mfunction[0m [33mConfiguracoesPage[0m() {

The export default was not found in module [project]/components/ui/Input.tsx [app-ssr] (ecmascript).
Did you mean to import Input?
All exports of the module are statically known (It doesn't have dynamic exports). So it's known statically that the 
requested export doesn't exist.

Import traces:
  Client Component Browser:
    ./app/(dashboard)/configuracoes/page.tsx [Client Component Browser]
    ./app/(dashboard)/configuracoes/page.tsx [Server Component]

  Client Component SSR:
    ./app/(dashboard)/configuracoes/page.tsx [Client Component SSR]
    ./app/(dashboard)/configuracoes/page.tsx [Server Component]


./app/(dashboard)/estoque/page.tsx:6:1
Export default doesn't exist in target module
  [90m4 |[0m [36mimport[0m styles [36mfrom[0m [32m'./estoque.module.css'[0m
  [90m5 |[0m [36mimport[0m { getProducts, upsertProduct, deleteProduct } [36mfrom[0m 
[32m'@/app/actions/productActions'[0m
[31m[1m>[0m [90m6 |[0m [36mimport[0m [33mButton[0m [36mfrom[0m [32m'@/components/ui/Button'[0m
  [90m  |[0m [31m[1m^^^^^^^^^^^^^^^^^^^^^^^^^^^^^^^^^^^^^^^^^^^[0m
  [90m7 |[0m [36mimport[0m [33mCard[0m [36mfrom[0m [32m'@/components/ui/Card'[0m
  [90m8 |[0m [36mimport[0m [33mInput[0m [36mfrom[0m [32m'@/components/ui/Input'[0m
  [90m9 |[0m [36mimport[0m { formatCurrency } [36mfrom[0m [32m'@/lib/format'[0m

The export default was not found in module [project]/components/ui/Button.tsx [app-client] (ecmascript).
Did you mean to import Button?
All exports of the module are statically known (It doesn't have dynamic exports). So it's known statically that the 
requested export doesn't exist.

Import traces:
  Client Component Browser:
    ./app/(dashboard)/estoque/page.tsx [Client Component Browser]
    ./app/(dashboard)/estoque/page.tsx [Server Component]

  Client Component SSR:
    ./app/(dashboard)/estoque/page.tsx [Client Component SSR]
    ./app/(dashboard)/estoque/page.tsx [Server Component]


./app/(dashboard)/estoque/page.tsx:6:1
Export default doesn't exist in target module
  [90m4 |[0m [36mimport[0m styles [36mfrom[0m [32m'./estoque.module.css'[0m
  [90m5 |[0m [36mimport[0m { getProducts, upsertProduct, deleteProduct } [36mfrom[0m 
[32m'@/app/actions/productActions'[0m
[31m[1m>[0m [90m6 |[0m [36mimport[0m [33mButton[0m [36mfrom[0m [32m'@/components/ui/Button'[0m
  [90m  |[0m [31m[1m^^^^^^^^^^^^^^^^^^^^^^^^^^^^^^^^^^^^^^^^^^^[0m
  [90m7 |[0m [36mimport[0m [33mCard[0m [36mfrom[0m [32m'@/components/ui/Card'[0m
  [90m8 |[0m [36mimport[0m [33mInput[0m [36mfrom[0m [32m'@/components/ui/Input'[0m
  [90m9 |[0m [36mimport[0m { formatCurrency } [36mfrom[0m [32m'@/lib/format'[0m

The export default was not found in module [project]/components/ui/Button.tsx [app-ssr] (ecmascript).
Did you mean to import Button?
All exports of the module are statically known (It doesn't have dynamic exports). So it's known statically that the 
requested export doesn't exist.

Import traces:
  Client Component Browser:
    ./app/(dashboard)/estoque/page.tsx [Client Component Browser]
    ./app/(dashboard)/estoque/page.tsx [Server Component]

  Client Component SSR:
    ./app/(dashboard)/estoque/page.tsx [Client Component SSR]
    ./app/(dashboard)/estoque/page.tsx [Server Component]


./app/(dashboard)/estoque/page.tsx:7:1
Export default doesn't exist in target module
  [90m 5 |[0m [36mimport[0m { getProducts, upsertProduct, deleteProduct } [36mfrom[0m 
[32m'@/app/actions/productActions'[0m
  [90m 6 |[0m [36mimport[0m [33mButton[0m [36mfrom[0m [32m'@/components/ui/Button'[0m
[31m[1m>[0m [90m 7 |[0m [36mimport[0m [33mCard[0m [36mfrom[0m [32m'@/components/ui/Card'[0m
  [90m   |[0m [31m[1m^^^^^^^^^^^^^^^^^^^^^^^^^^^^^^^^^^^^^^^[0m
  [90m 8 |[0m [36mimport[0m [33mInput[0m [36mfrom[0m [32m'@/components/ui/Input'[0m
  [90m 9 |[0m [36mimport[0m { formatCurrency } [36mfrom[0m [32m'@/lib/format'[0m
  [90m10 |[0m

The export default was not found in module [project]/components/ui/Card.tsx [app-client] (ecmascript).
Did you mean to import Card?
All exports of the module are statically known (It doesn't have dynamic exports). So it's known statically that the 
requested export doesn't exist.

Import traces:
  Client Component Browser:
    ./app/(dashboard)/estoque/page.tsx [Client Component Browser]
    ./app/(dashboard)/estoque/page.tsx [Server Component]

  Client Component SSR:
    ./app/(dashboard)/estoque/page.tsx [Client Component SSR]
    ./app/(dashboard)/estoque/page.tsx [Server Component]


./app/(dashboard)/estoque/page.tsx:7:1
Export default doesn't exist in target module
  [90m 5 |[0m [36mimport[0m { getProducts, upsertProduct, deleteProduct } [36mfrom[0m 
[32m'@/app/actions/productActions'[0m
  [90m 6 |[0m [36mimport[0m [33mButton[0m [36mfrom[0m [32m'@/components/ui/Button'[0m
[31m[1m>[0m [90m 7 |[0m [36mimport[0m [33mCard[0m [36mfrom[0m [32m'@/components/ui/Card'[0m
  [90m   |[0m [31m[1m^^^^^^^^^^^^^^^^^^^^^^^^^^^^^^^^^^^^^^^[0m
  [90m 8 |[0m [36mimport[0m [33mInput[0m [36mfrom[0m [32m'@/components/ui/Input'[0m
  [90m 9 |[0m [36mimport[0m { formatCurrency } [36mfrom[0m [32m'@/lib/format'[0m
  [90m10 |[0m

The export default was not found in module [project]/components/ui/Card.tsx [app-ssr] (ecmascript).
Did you mean to import Card?
All exports of the module are statically known (It doesn't have dynamic exports). So it's known statically that the 
requested export doesn't exist.

Import traces:
  Client Component Browser:
    ./app/(dashboard)/estoque/page.tsx [Client Component Browser]
    ./app/(dashboard)/estoque/page.tsx [Server Component]

  Client Component SSR:
    ./app/(dashboard)/estoque/page.tsx [Client Component SSR]
    ./app/(dashboard)/estoque/page.tsx [Server Component]


./app/(dashboard)/estoque/page.tsx:8:1
Export default doesn't exist in target module
  [90m 6 |[0m [36mimport[0m [33mButton[0m [36mfrom[0m [32m'@/components/ui/Button'[0m
  [90m 7 |[0m [36mimport[0m [33mCard[0m [36mfrom[0m [32m'@/components/ui/Card'[0m
[31m[1m>[0m [90m 8 |[0m [36mimport[0m [33mInput[0m [36mfrom[0m [32m'@/components/ui/Input'[0m
  [90m   |[0m [31m[1m^^^^^^^^^^^^^^^^^^^^^^^^^^^^^^^^^^^^^^^^^[0m
  [90m 9 |[0m [36mimport[0m { formatCurrency } [36mfrom[0m [32m'@/lib/format'[0m
  [90m10 |[0m
  [90m11 |[0m [36mexport[0m [36mdefault[0m [36mfunction[0m [33mEstoquePage[0m() {

The export default was not found in module [project]/components/ui/Input.tsx [app-client] (ecmascript).
Did you mean to import Input?
All exports of the module are statically known (It doesn't have dynamic exports). So it's known statically that the 
requested export doesn't exist.

Import traces:
  Client Component Browser:
    ./app/(dashboard)/estoque/page.tsx [Client Component Browser]
    ./app/(dashboard)/estoque/page.tsx [Server Component]

  Client Component SSR:
    ./app/(dashboard)/estoque/page.tsx [Client Component SSR]
    ./app/(dashboard)/estoque/page.tsx [Server Component]


./app/(dashboard)/estoque/page.tsx:8:1
Export default doesn't exist in target module
  [90m 6 |[0m [36mimport[0m [33mButton[0m [36mfrom[0m [32m'@/components/ui/Button'[0m
  [90m 7 |[0m [36mimport[0m [33mCard[0m [36mfrom[0m [32m'@/components/ui/Card'[0m
[31m[1m>[0m [90m 8 |[0m [36mimport[0m [33mInput[0m [36mfrom[0m [32m'@/components/ui/Input'[0m
  [90m   |[0m [31m[1m^^^^^^^^^^^^^^^^^^^^^^^^^^^^^^^^^^^^^^^^^[0m
  [90m 9 |[0m [36mimport[0m { formatCurrency } [36mfrom[0m [32m'@/lib/format'[0m
  [90m10 |[0m
  [90m11 |[0m [36mexport[0m [36mdefault[0m [36mfunction[0m [33mEstoquePage[0m() {

The export default was not found in module [project]/components/ui/Input.tsx [app-ssr] (ecmascript).
Did you mean to import Input?
All exports of the module are statically known (It doesn't have dynamic exports). So it's known statically that the 
requested export doesn't exist.

Import traces:
  Client Component Browser:
    ./app/(dashboard)/estoque/page.tsx [Client Component Browser]
    ./app/(dashboard)/estoque/page.tsx [Server Component]

  Client Component SSR:
    ./app/(dashboard)/estoque/page.tsx [Client Component SSR]
    ./app/(dashboard)/estoque/page.tsx [Server Component]


    at <unknown> (./app/(dashboard)/clientes/page.tsx:6:1)
    at <unknown> (./app/(dashboard)/clientes/page.tsx:6:1)
    at <unknown> (./app/(dashboard)/clientes/page.tsx:7:1)
    at <unknown> (./app/(dashboard)/clientes/page.tsx:7:1)
    at <unknown> (./app/(dashboard)/clientes/page.tsx:8:1)
    at <unknown> (./app/(dashboard)/clientes/page.tsx:8:1)
    at <unknown> (./app/(dashboard)/clientes/reposicao/page.tsx:7:1)
    at <unknown> (./app/(dashboard)/clientes/reposicao/page.tsx:7:1)
    at <unknown> (./app/(dashboard)/clientes/reposicao/page.tsx:6:1)
    at <unknown> (./app/(dashboard)/clientes/reposicao/page.tsx:6:1)
    at <unknown> (./app/(dashboard)/configuracoes/page.tsx:8:1)
    at <unknown> (./app/(dashboard)/configuracoes/page.tsx:8:1)
    at <unknown> (./app/(dashboard)/configuracoes/page.tsx:6:1)
    at <unknown> (./app/(dashboard)/configuracoes/page.tsx:6:1)
    at <unknown> (./app/(dashboard)/configuracoes/page.tsx:7:1)
    at <unknown> (./app/(dashboard)/configuracoes/page.tsx:7:1)
    at <unknown> (./app/(dashboard)/estoque/page.tsx:6:1)
    at <unknown> (./app/(dashboard)/estoque/page.tsx:6:1)
    at <unknown> (./app/(dashboard)/estoque/page.tsx:7:1)
    at <unknown> (./app/(dashboard)/estoque/page.tsx:7:1)
    at <unknown> (./app/(dashboard)/estoque/page.tsx:8:1)
    at <unknown> (./app/(dashboard)/estoque/page.tsx:8:1)
